[html.phoenixcoded.net/empire/bootstrap/default/index.html]
[backblue.gif]
[fade.gif]
[index.html]
[html.phoenixcoded.net/empire/bootstrap/default/assets/img/favicon.ico]
[html.phoenixcoded.net/empire/bootstrap/default/assets/fonts/fontawesome.css]
[html.phoenixcoded.net/empire/bootstrap/default/assets/fonts/ionicons.css]
[html.phoenixcoded.net/empire/bootstrap/default/assets/fonts/linearicons.css]
[html.phoenixcoded.net/empire/bootstrap/default/assets/fonts/open-iconic.css]
[html.phoenixcoded.net/empire/bootstrap/default/assets/fonts/pe-icon-7-stroke.css]
[html.phoenixcoded.net/empire/bootstrap/default/assets/fonts/feather.css]
[html.phoenixcoded.net/empire/bootstrap/default/assets/css/bootstrap-material.css]
[html.phoenixcoded.net/empire/bootstrap/default/assets/css/shreerang-material.css]
[html.phoenixcoded.net/empire/bootstrap/default/assets/css/uikit.css]
[html.phoenixcoded.net/empire/bootstrap/default/assets/libs/perfect-scrollbar/perfect-scrollbar.css]
[html.phoenixcoded.net/empire/bootstrap/default/assets/libs/flot/flot.css]
[html.phoenixcoded.net/empire/bootstrap/default/assets/img/logo.png]
[html.phoenixcoded.net/empire/bootstrap/default/dashboards_corona.html]
[html.phoenixcoded.net/empire/bootstrap/default/dashboards_ecommerce.html]
[html.phoenixcoded.net/empire/bootstrap/default/dashboards_analytics.html]
[html.phoenixcoded.net/empire/bootstrap/default/dashboards_crypto.html]
[html.phoenixcoded.net/empire/bootstrap/default/dashboards_project.html]
[html.phoenixcoded.net/empire/bootstrap/default/w-simple.html]
[html.phoenixcoded.net/empire/bootstrap/default/w-data.html]
[html.phoenixcoded.net/empire/bootstrap/default/w-social.html]
[html.phoenixcoded.net/empire/bootstrap/default/w-chart.html]
[html.phoenixcoded.net/empire/bootstrap/default/layouts_sidenav_dark.html]
[html.phoenixcoded.net/empire/bootstrap/default/layouts_header_dark.html]
[html.phoenixcoded.net/empire/bootstrap/default/layouts_light.html]
[html.phoenixcoded.net/empire/bootstrap/default/layouts_horizontal.html]
[html.phoenixcoded.net/empire/bootstrap/default/hospital-dashboard.html]
[html.phoenixcoded.net/empire/bootstrap/default/hospital-department.html]
[html.phoenixcoded.net/empire/bootstrap/default/hospital-doctor.html]
[html.phoenixcoded.net/empire/bootstrap/default/hospital-patient.html]
[html.phoenixcoded.net/empire/bootstrap/default/hospital-nurse.html]
[html.phoenixcoded.net/empire/bootstrap/default/hospital-pharmacist.html]
[html.phoenixcoded.net/empire/bootstrap/default/hospital-laboratorie.html]
[html.phoenixcoded.net/empire/bootstrap/default/member-dashboard.html]
[html.phoenixcoded.net/empire/bootstrap/default/member-mail-template.html]
[html.phoenixcoded.net/empire/bootstrap/default/member-countries.html]
[html.phoenixcoded.net/empire/bootstrap/default/member-coupons.html]
[html.phoenixcoded.net/empire/bootstrap/default/member-newsletter.html]
[html.phoenixcoded.net/empire/bootstrap/default/member-user.html]
[html.phoenixcoded.net/empire/bootstrap/default/member-membership.html]
[html.phoenixcoded.net/empire/bootstrap/default/help-dashboard.html]
[html.phoenixcoded.net/empire/bootstrap/default/help-create-ticket.html]
[html.phoenixcoded.net/empire/bootstrap/default/help-ticket.html]
[html.phoenixcoded.net/empire/bootstrap/default/help-ticket-details.html]
[html.phoenixcoded.net/empire/bootstrap/default/help-customer.html]
[html.phoenixcoded.net/empire/bootstrap/default/school-dashboard.html]
[html.phoenixcoded.net/empire/bootstrap/default/school-student.html]
[html.phoenixcoded.net/empire/bootstrap/default/school-parents.html]
[html.phoenixcoded.net/empire/bootstrap/default/school-teacher.html]
[html.phoenixcoded.net/empire/bootstrap/default/sis-dashboard.html]
[html.phoenixcoded.net/empire/bootstrap/default/sis-leave.html]
[html.phoenixcoded.net/empire/bootstrap/default/sis-evaluation.html]
[html.phoenixcoded.net/empire/bootstrap/default/sis-event.html]
[html.phoenixcoded.net/empire/bootstrap/default/sis-circular.html]
[html.phoenixcoded.net/empire/bootstrap/default/sis-course.html]
[html.phoenixcoded.net/empire/bootstrap/default/crypto-dashboard.html]
[html.phoenixcoded.net/empire/bootstrap/default/crypto-exchange.html]
[html.phoenixcoded.net/empire/bootstrap/default/crypto-wallet.html]
[html.phoenixcoded.net/empire/bootstrap/default/crypto-transactions.html]
[html.phoenixcoded.net/empire/bootstrap/default/crypto-history.html]
[html.phoenixcoded.net/empire/bootstrap/default/crypto-trading.html]
[html.phoenixcoded.net/empire/bootstrap/default/crypto-initial-coin.html]
[html.phoenixcoded.net/empire/bootstrap/default/crypto-ico-listing.html]
[html.phoenixcoded.net/empire/bootstrap/default/ecom-product.html]
[html.phoenixcoded.net/empire/bootstrap/default/ecom-product-details.html]
[html.phoenixcoded.net/empire/bootstrap/default/ecom-order.html]
[html.phoenixcoded.net/empire/bootstrap/default/ecom-checkout.html]
[html.phoenixcoded.net/empire/bootstrap/default/ecom-cart.html]
[html.phoenixcoded.net/empire/bootstrap/default/ecom-customers.html]
[html.phoenixcoded.net/empire/bootstrap/default/ecom-sellers.html]
[html.phoenixcoded.net/empire/bootstrap/default/typography.html]
[html.phoenixcoded.net/empire/bootstrap/default/bui_alert.html]
[html.phoenixcoded.net/empire/bootstrap/default/bui_accordion.html]
[html.phoenixcoded.net/empire/bootstrap/default/bui_badges.html]
[html.phoenixcoded.net/empire/bootstrap/default/bui_button.html]
[html.phoenixcoded.net/empire/bootstrap/default/bui_button-groups.html]
[html.phoenixcoded.net/empire/bootstrap/default/bui_cards.html]
[html.phoenixcoded.net/empire/bootstrap/default/bui_dropdowns.html]
[html.phoenixcoded.net/empire/bootstrap/default/bui_modals.html]
[html.phoenixcoded.net/empire/bootstrap/default/bui_navs.html]
[html.phoenixcoded.net/empire/bootstrap/default/bui_pagination.html]
[html.phoenixcoded.net/empire/bootstrap/default/bui_progress.html]
[html.phoenixcoded.net/empire/bootstrap/default/bui_tooltips.html]
[html.phoenixcoded.net/empire/bootstrap/default/bui_thumbnails.html]
[html.phoenixcoded.net/empire/bootstrap/default/aui_carousel.html]
[html.phoenixcoded.net/empire/bootstrap/default/aui_cropper.html]
[html.phoenixcoded.net/empire/bootstrap/default/aui_drag-and-drop.html]
[html.phoenixcoded.net/empire/bootstrap/default/aui_fullcalendar.html]
[html.phoenixcoded.net/empire/bootstrap/default/aui_kanban-board.html]
[html.phoenixcoded.net/empire/bootstrap/default/aui_ladda.html]
[html.phoenixcoded.net/empire/bootstrap/default/aui_lightbox.html]
[html.phoenixcoded.net/empire/bootstrap/default/aui_media-player.html]
[html.phoenixcoded.net/empire/bootstrap/default/aui_notifications.html]
[html.phoenixcoded.net/empire/bootstrap/default/aui_todo-list.html]
[html.phoenixcoded.net/empire/bootstrap/default/forms_layouts.html]
[html.phoenixcoded.net/empire/bootstrap/default/forms_controls.html]
[html.phoenixcoded.net/empire/bootstrap/default/forms_custom-controls.html]
[html.phoenixcoded.net/empire/bootstrap/default/forms_input-groups.html]
[html.phoenixcoded.net/empire/bootstrap/default/forms_switchers.html]
[html.phoenixcoded.net/empire/bootstrap/default/forms_sliders.html]
[html.phoenixcoded.net/empire/bootstrap/default/forms_selects.html]
[html.phoenixcoded.net/empire/bootstrap/default/forms_pickers.html]
[html.phoenixcoded.net/empire/bootstrap/default/forms_editors.html]
[html.phoenixcoded.net/empire/bootstrap/default/forms_file-upload.html]
[html.phoenixcoded.net/empire/bootstrap/default/forms_validation.html]
[html.phoenixcoded.net/empire/bootstrap/default/forms_wizard.html]
[html.phoenixcoded.net/empire/bootstrap/default/forms_typeahead.html]
[html.phoenixcoded.net/empire/bootstrap/default/forms_dual-listbox.html]
[html.phoenixcoded.net/empire/bootstrap/default/forms_extras.html]
[html.phoenixcoded.net/empire/bootstrap/default/tables_bootstrap.html]
[html.phoenixcoded.net/empire/bootstrap/default/tables_datatables.html]
[html.phoenixcoded.net/empire/bootstrap/default/tables_footables.html]
[html.phoenixcoded.net/empire/bootstrap/default/tables_bootstrap-table.html]
[html.phoenixcoded.net/empire/bootstrap/default/tables_bootstrap-sortable.html]
[html.phoenixcoded.net/empire/bootstrap/default/charts_gmaps.html]
[html.phoenixcoded.net/empire/bootstrap/default/charts_am.html]
[html.phoenixcoded.net/empire/bootstrap/default/charts_flot.html]
[html.phoenixcoded.net/empire/bootstrap/default/charts_chartist.html]
[html.phoenixcoded.net/empire/bootstrap/default/charts_chartjs.html]
[html.phoenixcoded.net/empire/bootstrap/default/charts_morrisjs.html]
[html.phoenixcoded.net/empire/bootstrap/default/icons_feather.html]
[html.phoenixcoded.net/empire/bootstrap/default/icons_font-awesome.html]
[html.phoenixcoded.net/empire/bootstrap/default/icons_ionicons.html]
[html.phoenixcoded.net/empire/bootstrap/default/icons_linearicons.html]
[html.phoenixcoded.net/empire/bootstrap/default/icons_openiconic.html]
[html.phoenixcoded.net/empire/bootstrap/default/icons_stroke7.html]
[html.phoenixcoded.net/empire/bootstrap/default/pages_authentication_login-v1.html]
[html.phoenixcoded.net/empire/bootstrap/default/pages_authentication_login-v2.html]
[html.phoenixcoded.net/empire/bootstrap/default/pages_authentication_login-v3.html]
[html.phoenixcoded.net/empire/bootstrap/default/pages_authentication_register-v1.html]
[html.phoenixcoded.net/empire/bootstrap/default/pages_authentication_register-v2.html]
[html.phoenixcoded.net/empire/bootstrap/default/pages_authentication_register-v3.html]
[html.phoenixcoded.net/empire/bootstrap/default/pages_authentication_login-and-register.html]
[html.phoenixcoded.net/empire/bootstrap/default/pages_authentication_lock-screen-v1.html]
[html.phoenixcoded.net/empire/bootstrap/default/pages_authentication_lock-screen-v2.html]
[html.phoenixcoded.net/empire/bootstrap/default/pages_authentication_password-reset.html]
[html.phoenixcoded.net/empire/bootstrap/default/pages_authentication_email-confirm.html]
[html.phoenixcoded.net/empire/bootstrap/default/pages_education_courses-v1.html]
[html.phoenixcoded.net/empire/bootstrap/default/pages_e-commerce_product-list.html]
[html.phoenixcoded.net/empire/bootstrap/default/pages_education_courses-v2.html]
[html.phoenixcoded.net/empire/bootstrap/default/pages_e-commerce_product-item.html]
[html.phoenixcoded.net/empire/bootstrap/default/pages_e-commerce_product-edit.html]
[html.phoenixcoded.net/empire/bootstrap/default/pages_e-commerce_order-list.html]
[html.phoenixcoded.net/empire/bootstrap/default/pages_e-commerce_order-detail.html]
[html.phoenixcoded.net/empire/bootstrap/default/pages_messages_v3_list.html]
[html.phoenixcoded.net/empire/bootstrap/default/pages_messages_v3_item.html]
[html.phoenixcoded.net/empire/bootstrap/default/pages_messages_v3_compose.html]
[html.phoenixcoded.net/empire/bootstrap/default/pages_projects_list.html]
[html.phoenixcoded.net/empire/bootstrap/default/pages_projects_item.html]
[html.phoenixcoded.net/empire/bootstrap/default/pages_teams.html]
[html.phoenixcoded.net/empire/bootstrap/default/pages_tickets_list.html]
[html.phoenixcoded.net/empire/bootstrap/default/pages_tickets_edit.html]
[html.phoenixcoded.net/empire/bootstrap/default/pages_users_list.html]
[html.phoenixcoded.net/empire/bootstrap/default/pages_users_view.html]
[html.phoenixcoded.net/empire/bootstrap/default/pages_profile-v1.html]
[html.phoenixcoded.net/empire/bootstrap/default/pages_profile-v2.html]
[html.phoenixcoded.net/empire/bootstrap/default/pages_users_edit.html]
[html.phoenixcoded.net/empire/bootstrap/default/pages_account-settings.html]
[html.phoenixcoded.net/empire/bootstrap/default/pages_chat.html]
[html.phoenixcoded.net/empire/bootstrap/default/pages_faq.html]
[html.phoenixcoded.net/empire/bootstrap/default/pages_gallery.html]
[html.phoenixcoded.net/empire/bootstrap/default/pages_help-center.html]
[html.phoenixcoded.net/empire/bootstrap/default/pages_invoice.html]
[html.phoenixcoded.net/empire/bootstrap/default/pages_search-results.html]
[html.phoenixcoded.net/empire/bootstrap/default/pages_voting.html]
[html.phoenixcoded.net/empire/bootstrap/default/pages_pricing.html]
[html.phoenixcoded.net/empire/bootstrap/default/pages_file-manger.html]
[html.phoenixcoded.net/empire/bootstrap/default/pages_clients.html]
[html.phoenixcoded.net/empire/bootstrap/default/assets/img/logo-dark.png]
[html.phoenixcoded.net/empire/bootstrap/default/assets/img/avatars/6-small.png]
[html.phoenixcoded.net/empire/bootstrap/default/assets/img/avatars/4-small.png]
[html.phoenixcoded.net/empire/bootstrap/default/assets/img/avatars/5-small.png]
[html.phoenixcoded.net/empire/bootstrap/default/assets/img/avatars/11-small.png]
[html.phoenixcoded.net/empire/bootstrap/default/assets/img/avatars/1.png]
[html.phoenixcoded.net/empire/bootstrap/default/assets/img/avatars/3-small.png]
[html.phoenixcoded.net/empire/bootstrap/default/assets/img/avatars/1-small.png]
[html.phoenixcoded.net/empire/bootstrap/default/assets/img/pages/welcome.png]
[html.phoenixcoded.net/empire/bootstrap/default/assets/img/pages/admin.png]
[html.phoenixcoded.net/empire/bootstrap/default/assets/js/pace.js]
[html.phoenixcoded.net/empire/bootstrap/default/assets/js/jquery-3.3.1.min.js]
[html.phoenixcoded.net/empire/bootstrap/default/assets/libs/popper/popper.js]
[html.phoenixcoded.net/empire/bootstrap/default/assets/js/sidenav.js]
[html.phoenixcoded.net/empire/bootstrap/default/assets/js/bootstrap.js]
[html.phoenixcoded.net/empire/bootstrap/default/assets/js/layout-helpers.js]
[html.phoenixcoded.net/empire/bootstrap/default/assets/js/material-ripple.js]
[html.phoenixcoded.net/empire/bootstrap/default/assets/libs/perfect-scrollbar/perfect-scrollbar.js]
[html.phoenixcoded.net/empire/bootstrap/default/assets/libs/eve/eve.js]
[html.phoenixcoded.net/empire/bootstrap/default/assets/libs/flot/curvedLines.js]
[html.phoenixcoded.net/empire/bootstrap/default/assets/libs/flot/flot.js]
[html.phoenixcoded.net/empire/bootstrap/default/assets/libs/chart-am4/animated.js]
[html.phoenixcoded.net/empire/bootstrap/default/assets/js/demo.js]
[html.phoenixcoded.net/empire/bootstrap/default/index.html]
[html.phoenixcoded.net/empire/bootstrap/default/assets/js/pages/dashboards_index.js]
[html.phoenixcoded.net/empire/bootstrap/default/assets/libs/chart-am4/charts.js]
[html.phoenixcoded.net/empire/bootstrap/default/assets/fonts/fontawesome/fa-brands-400.eot]
[html.phoenixcoded.net/empire/bootstrap/default/assets/fonts/fontawesome/fa-brands-400.woff]
[html.phoenixcoded.net/empire/bootstrap/default/assets/fonts/fontawesome/fa-brands-400d41d.eot]
[html.phoenixcoded.net/empire/bootstrap/default/assets/libs/chart-am4/core.js]
[html.phoenixcoded.net/empire/bootstrap/default/assets/fonts/fontawesome/fa-regular-400.eot]
[html.phoenixcoded.net/empire/bootstrap/default/assets/fonts/fontawesome/fa-regular-400d41d.eot]
[html.phoenixcoded.net/empire/bootstrap/default/assets/fonts/fontawesome/fa-brands-400.svg]
[html.phoenixcoded.net/empire/bootstrap/default/assets/fonts/fontawesome/fa-regular-400.svg]
[html.phoenixcoded.net/empire/bootstrap/default/assets/fonts/fontawesome/fa-regular-400.ttf]
[html.phoenixcoded.net/empire/bootstrap/default/assets/fonts/fontawesome/fa-regular-400.woff]
[html.phoenixcoded.net/empire/bootstrap/default/assets/fonts/fontawesome/fa-solid-900.eot]
[html.phoenixcoded.net/empire/bootstrap/default/assets/fonts/fontawesome/fa-solid-900.woff]
[html.phoenixcoded.net/empire/bootstrap/default/assets/fonts/fontawesome/fa-solid-900d41d.eot]
[html.phoenixcoded.net/empire/bootstrap/default/assets/fonts/fontawesome/fa-solid-900.ttf]
[html.phoenixcoded.net/empire/bootstrap/default/assets/fonts/fontawesome.css]
[html.phoenixcoded.net/empire/bootstrap/default/assets/fonts/fontawesome/fa-solid-900.svg]
[html.phoenixcoded.net/empire/bootstrap/default/assets/fonts/ionicons/ionicons188f.svg]
[html.phoenixcoded.net/empire/bootstrap/default/assets/fonts/ionicons.css]
[html.phoenixcoded.net/empire/bootstrap/default/assets/fonts/linearicons/Linearicons-Free54e9.eot]
[html.phoenixcoded.net/empire/bootstrap/default/assets/fonts/ionicons/ionicons188f.eot]
[html.phoenixcoded.net/empire/bootstrap/default/assets/fonts/ionicons/ionicons188f.woff]
[html.phoenixcoded.net/empire/bootstrap/default/assets/fonts/ionicons/ionicons188f.ttf]
[html.phoenixcoded.net/empire/bootstrap/default/assets/fonts/linearicons/Linearicons-Freed41d.eot]
[html.phoenixcoded.net/empire/bootstrap/default/assets/fonts/linearicons/Linearicons-Free54e9.woff]
[html.phoenixcoded.net/empire/bootstrap/default/assets/fonts/linearicons.css]
[html.phoenixcoded.net/empire/bootstrap/default/assets/fonts/linearicons/Linearicons-Free54e9.svg]
[html.phoenixcoded.net/empire/bootstrap/default/assets/fonts/linearicons/Linearicons-Free54e9.ttf]
[html.phoenixcoded.net/empire/bootstrap/default/assets/fonts/open-iconic/open-iconic.eot]
[html.phoenixcoded.net/empire/bootstrap/default/assets/fonts/open-iconic/open-iconicd41d.eot]
[html.phoenixcoded.net/empire/bootstrap/default/assets/fonts/open-iconic/open-iconic.woff]
[html.phoenixcoded.net/empire/bootstrap/default/assets/fonts/open-iconic/open-iconic.ttf]
[html.phoenixcoded.net/empire/bootstrap/default/assets/fonts/open-iconic.css]
[html.phoenixcoded.net/empire/bootstrap/default/assets/fonts/open-iconic/open-iconic.svg]
[html.phoenixcoded.net/empire/bootstrap/default/assets/fonts/pe-icon-7-stroke/Pe-icon-7-strokebb1d.eot]
[html.phoenixcoded.net/empire/bootstrap/default/assets/fonts/pe-icon-7-stroke.css]
[html.phoenixcoded.net/empire/bootstrap/default/assets/fonts/pe-icon-7-stroke/Pe-icon-7-strokebb1d.svg]
[html.phoenixcoded.net/empire/bootstrap/default/assets/fonts/pe-icon-7-stroke/Pe-icon-7-stroked41d.eot]
[html.phoenixcoded.net/empire/bootstrap/default/assets/fonts/pe-icon-7-stroke/Pe-icon-7-strokebb1d.woff]
[html.phoenixcoded.net/empire/bootstrap/default/assets/fonts/pe-icon-7-stroke/Pe-icon-7-strokebb1d.ttf]
[html.phoenixcoded.net/empire/bootstrap/default/assets/fonts/feather.css]
[html.phoenixcoded.net/empire/bootstrap/default/assets/fonts/feather/feather6cfa.svg]
[html.phoenixcoded.net/empire/bootstrap/default/assets/css/bootstrap-material.css]
[html.phoenixcoded.net/empire/bootstrap/default/assets/css/shreerang-material.css]
[html.phoenixcoded.net/empire/bootstrap/default/assets/css/uikit.css]
[html.phoenixcoded.net/empire/bootstrap/default/assets/libs/perfect-scrollbar/perfect-scrollbar.css]
[html.phoenixcoded.net/empire/bootstrap/default/assets/libs/flot/flot.css]
[html.phoenixcoded.net/empire/bootstrap/default/assets/fonts/feather/feather6cfa.eot]
[html.phoenixcoded.net/empire/bootstrap/default/assets/fonts/feather/feather6cfa.woff]
[html.phoenixcoded.net/empire/bootstrap/default/assets/fonts/feather/feather6cfa.ttf]
[html.phoenixcoded.net/empire/bootstrap/default/project-dashboard.html]
[html.phoenixcoded.net/empire/bootstrap/default/project-customers.html]
[html.phoenixcoded.net/empire/bootstrap/default/project-projects.html]
[html.phoenixcoded.net/empire/bootstrap/default/project-task.html]
[html.phoenixcoded.net/icon.png]
[html.phoenixcoded.net/empire/bootstrap/default/pages_vacancies.html]
[html.phoenixcoded.net/empire/bootstrap/default/assets/js/pages/dashboards_crypto.js]
[html.phoenixcoded.net/empire/bootstrap/default/dashboards_corona.html]
[html.phoenixcoded.net/empire/bootstrap/default/assets/img/uikit/adidas.jpg]
[html.phoenixcoded.net/empire/bootstrap/default/assets/img/uikit/backpack.jpg]
[html.phoenixcoded.net/empire/bootstrap/default/assets/img/uikit/sunglasses.jpg]
[html.phoenixcoded.net/empire/bootstrap/default/assets/img/uikit/iwatch.jpg]
[html.phoenixcoded.net/empire/bootstrap/default/assets/img/avatars/9-small.png]
[html.phoenixcoded.net/empire/bootstrap/default/assets/img/avatars/8-small.png]
[html.phoenixcoded.net/empire/bootstrap/default/assets/img/avatars/7-small.png]
[html.phoenixcoded.net/empire/bootstrap/default/dashboards_ecommerce.html]
[html.phoenixcoded.net/empire/bootstrap/default/assets/js/pages/dashboards_ecommerce.js]
[html.phoenixcoded.net/empire/bootstrap/default/assets/libs/morris/morris.js]
[html.phoenixcoded.net/empire/bootstrap/default/assets/libs/morris/morris.css]
[html.phoenixcoded.net/empire/bootstrap/default/assets/libs/raphael/raphael.js]
[html.phoenixcoded.net/empire/bootstrap/default/dashboards_analytics.html]
[html.phoenixcoded.net/empire/bootstrap/default/dashboards_crypto.html]
[html.phoenixcoded.net/empire/bootstrap/default/assets/js/pages/dashboards_analytics.js]
[html.phoenixcoded.net/empire/bootstrap/default/assets/img/avatars/8.png]
[html.phoenixcoded.net/empire/bootstrap/default/assets/img/avatars/11.png]
[html.phoenixcoded.net/empire/bootstrap/default/dashboards_project.html]
[html.phoenixcoded.net/empire/bootstrap/default/w-simple.html]
[html.phoenixcoded.net/empire/bootstrap/default/assets/js/pages/dashboards_project.js]
[html.phoenixcoded.net/empire/bootstrap/default/assets/img/avatars/12-small.png]
[html.phoenixcoded.net/empire/bootstrap/default/assets/img/avatars/10-small.png]
[html.phoenixcoded.net/empire/bootstrap/default/assets/img/bg/1.jpg]
[html.phoenixcoded.net/empire/bootstrap/default/assets/img/bg/2.jpg]
[html.phoenixcoded.net/empire/bootstrap/default/assets/img/bg/3.jpg]
[html.phoenixcoded.net/empire/bootstrap/default/assets/img/bg/9.jpg]
[html.phoenixcoded.net/empire/bootstrap/default/assets/img/bg/21.jpg]
[html.phoenixcoded.net/empire/bootstrap/default/assets/img/avatars/9.png]
[html.phoenixcoded.net/empire/bootstrap/default/w-data.html]
[html.phoenixcoded.net/empire/bootstrap/default/assets/libs/plyr/plyr.css]
[html.phoenixcoded.net/empire/bootstrap/default/assets/img/bg/5.jpg]
[html.phoenixcoded.net/empire/bootstrap/default/assets/img/avatars/12.png]
[html.phoenixcoded.net/empire/bootstrap/default/assets/img/avatars/5.png]
[html.phoenixcoded.net/empire/bootstrap/default/assets/img/avatars/6.png]
[html.phoenixcoded.net/empire/bootstrap/default/assets/img/avatars/3.png]
[html.phoenixcoded.net/empire/bootstrap/default/assets/img/avatars/4.png]
[html.phoenixcoded.net/empire/bootstrap/default/assets/img/avatars/10.png]
[html.phoenixcoded.net/empire/bootstrap/default/assets/img/avatars/2-small.png]
[html.phoenixcoded.net/empire/bootstrap/default/assets/img/bg/6.jpg]
[html.phoenixcoded.net/empire/bootstrap/default/assets/img/bg/8.jpg]
[html.phoenixcoded.net/empire/bootstrap/default/assets/img/uikit/logo-5.png]
[html.phoenixcoded.net/empire/bootstrap/default/assets/img/uikit/logo-6.png]
[html.phoenixcoded.net/empire/bootstrap/default/assets/img/uikit/logo-7.png]
[html.phoenixcoded.net/empire/bootstrap/default/assets/img/uikit/logo-8.png]
[html.phoenixcoded.net/empire/bootstrap/default/assets/img/uikit/logo-9.png]
[html.phoenixcoded.net/empire/bootstrap/default/assets/img/uikit/logo-1.png]
[html.phoenixcoded.net/empire/bootstrap/default/assets/img/uikit/logo-2.png]
[html.phoenixcoded.net/empire/bootstrap/default/assets/img/uikit/logo-3.png]
[html.phoenixcoded.net/empire/bootstrap/default/assets/img/uikit/logo-4.png]
[html.phoenixcoded.net/empire/bootstrap/default/assets/img/bg/4.jpg]
[html.phoenixcoded.net/empire/bootstrap/default/assets/img/bg/7.jpg]
[html.phoenixcoded.net/empire/bootstrap/default/assets/img/bg/10.jpg]
[html.phoenixcoded.net/empire/bootstrap/default/assets/img/bg/11.jpg]
[html.phoenixcoded.net/empire/bootstrap/default/assets/img/bg/12.jpg]
[html.phoenixcoded.net/empire/bootstrap/default/assets/img/bg/13.jpg]
[html.phoenixcoded.net/empire/bootstrap/default/assets/img/bg/14.jpg]
[html.phoenixcoded.net/empire/bootstrap/default/assets/img/bg/15.jpg]
[html.phoenixcoded.net/empire/bootstrap/default/assets/img/bg/16.jpg]
[html.phoenixcoded.net/empire/bootstrap/default/assets/audio/Water_Lily.mp3]
[html.phoenixcoded.net/empire/bootstrap/default/assets/libs/plyr/plyr.js]
[html.phoenixcoded.net/empire/bootstrap/default/w-social.html]
[html.phoenixcoded.net/empire/bootstrap/default/assets/libs/chartjs/chartjs.js]
[html.phoenixcoded.net/empire/bootstrap/default/w-chart.html]
[html.phoenixcoded.net/empire/bootstrap/default/layouts_sidenav_dark.html]
[html.phoenixcoded.net/empire/bootstrap/default/layouts_header_dark.html]
[html.phoenixcoded.net/empire/bootstrap/default/layouts_light.html]
[html.phoenixcoded.net/empire/bootstrap/default/layouts_horizontal.html]
[html.phoenixcoded.net/empire/bootstrap/default/assets/js/pages/widget-chart.js]
[html.phoenixcoded.net/empire/bootstrap/default/assets/libs/datatables/datatables.css]
[html.phoenixcoded.net/empire/bootstrap/default/assets/img/user/avatar-1.jpg]
[html.phoenixcoded.net/empire/bootstrap/default/assets/img/user/avatar-2.jpg]
[html.phoenixcoded.net/empire/bootstrap/default/assets/img/user/avatar-3.jpg]
[html.phoenixcoded.net/empire/bootstrap/default/assets/img/user/avatar-4.jpg]
[html.phoenixcoded.net/cdn-cgi/scripts/5c5dd728/cloudflare-static/email-decode.min.js]
[html.phoenixcoded.net/empire/bootstrap/default/hospital-dashboard.html]
[html.phoenixcoded.net/empire/bootstrap/default/assets/libs/datatables/datatables.js]
[html.phoenixcoded.net/empire/bootstrap/default/assets/img/ticket/p1.jpg]
[html.phoenixcoded.net/empire/bootstrap/default/assets/img/ticket/p3.jpg]
[html.phoenixcoded.net/empire/bootstrap/default/assets/img/ticket/p2.jpg]
[html.phoenixcoded.net/empire/bootstrap/default/assets/img/ticket/p4.jpg]
[html.phoenixcoded.net/empire/bootstrap/default/assets/img/ticket/p5.jpg]
[html.phoenixcoded.net/empire/bootstrap/default/hospital-department.html]
[html.phoenixcoded.net/empire/bootstrap/default/assets/img/user/avatar-5.jpg]
[html.phoenixcoded.net/empire/bootstrap/default/hospital-doctor.html]
[html.phoenixcoded.net/empire/bootstrap/default/hospital-patient.html]
[html.phoenixcoded.net/empire/bootstrap/default/hospital-nurse.html]
[html.phoenixcoded.net/empire/bootstrap/default/hospital-pharmacist.html]
[html.phoenixcoded.net/empire/bootstrap/default/hospital-laboratorie.html]
[html.phoenixcoded.net/empire/bootstrap/default/member-dashboard.html]
[html.phoenixcoded.net/empire/bootstrap/default/assets/libs/quill/typography.css]
[html.phoenixcoded.net/empire/bootstrap/default/assets/libs/quill/editor.css]
[html.phoenixcoded.net/empire/bootstrap/default/[LINK]]
[html.phoenixcoded.net/empire/bootstrap/default/member-mail-template.html]
[html.phoenixcoded.net/empire/bootstrap/default/assets/libs/apexcharts/apexcharts.min.js]
[html.phoenixcoded.net/empire/bootstrap/default/member-countries.html]
[html.phoenixcoded.net/empire/bootstrap/default/assets/img/pages/gift-card.svg]
[html.phoenixcoded.net/empire/bootstrap/default/assets/img/pages/coupon.svg]
[html.phoenixcoded.net/empire/bootstrap/default/assets/img/pages/coupon1.svg]
[html.phoenixcoded.net/empire/bootstrap/default/assets/img/pages/voucher.svg]
[html.phoenixcoded.net/empire/bootstrap/default/assets/libs/quill/quill.js]
[html.phoenixcoded.net/empire/bootstrap/default/member-coupons.html]
[html.phoenixcoded.net/empire/bootstrap/default/member-newsletter.html]
[html.phoenixcoded.net/empire/bootstrap/default/member-user.html]
[html.phoenixcoded.net/empire/bootstrap/default/assets/img/pages/discount.svg]
[html.phoenixcoded.net/empire/bootstrap/default/assets/img/pages/medal-trial.svg]
[html.phoenixcoded.net/empire/bootstrap/default/assets/img/pages/medal-bronze.svg]
[html.phoenixcoded.net/empire/bootstrap/default/assets/img/pages/medal-gold.svg]
[html.phoenixcoded.net/empire/bootstrap/default/assets/img/pages/medal-platinum.svg]
[html.phoenixcoded.net/empire/bootstrap/default/member-membership.html]
[html.phoenixcoded.net/empire/bootstrap/default/help-dashboard.html]
[html.phoenixcoded.net/empire/bootstrap/default/assets/img/pages/medal-silver.svg]
[html.phoenixcoded.net/empire/bootstrap/default/assets/libs/bootstrap-markdown/bootstrap-markdown.css]
[html.phoenixcoded.net/empire/bootstrap/default/help-create-ticket.html]
[html.phoenixcoded.net/empire/bootstrap/default/assets/libs/markdown/markdown.js]
[html.phoenixcoded.net/empire/bootstrap/default/assets/libs/bootstrap-markdown/bootstrap-markdown.js]
[html.phoenixcoded.net/empire/bootstrap/default/assets/libs/photoswipe/photoswipe.css]
[html.phoenixcoded.net/empire/bootstrap/default/help-ticket.html]
[html.phoenixcoded.net/empire/bootstrap/default/assets/libs/select2/select2.css]
[html.phoenixcoded.net/empire/bootstrap/default/assets/img/light-box/l1.jpg]
[html.phoenixcoded.net/empire/bootstrap/default/assets/libs/photoswipe/photoswipe.js]
[html.phoenixcoded.net/empire/bootstrap/default/assets/img/light-box/sl1.jpg]
[html.phoenixcoded.net/empire/bootstrap/default/assets/img/light-box/l5.jpg]
[html.phoenixcoded.net/empire/bootstrap/default/assets/img/light-box/l6.jpg]
[html.phoenixcoded.net/empire/bootstrap/default/assets/img/light-box/l4.jpg]
[html.phoenixcoded.net/empire/bootstrap/default/assets/img/light-box/l3.jpg]
[html.phoenixcoded.net/empire/bootstrap/default/assets/img/light-box/sl3.jpg]
[html.phoenixcoded.net/empire/bootstrap/default/help-ticket-details.html]
[html.phoenixcoded.net/empire/bootstrap/default/assets/img/product/index.html]
[html.phoenixcoded.net/empire/bootstrap/default/help-customer.html]
[html.phoenixcoded.net/empire/bootstrap/default/assets/img/user/index.html]
[html.phoenixcoded.net/empire/bootstrap/default/assets/libs/select2/select2.js]
[html.phoenixcoded.net/empire/bootstrap/default/assets/libs/fullcalendar/fullcalendar.css]
[html.phoenixcoded.net/empire/bootstrap/default/school-dashboard.html]
[html.phoenixcoded.net/empire/bootstrap/default/assets/libs/fullcalendar/fullcalendar.js]
[html.phoenixcoded.net/empire/bootstrap/default/school-student.html]
[html.phoenixcoded.net/empire/bootstrap/default/school-parents.html]
[html.phoenixcoded.net/empire/bootstrap/default/school-teacher.html]
[html.phoenixcoded.net/empire/bootstrap/default/sis-dashboard.html]
[html.phoenixcoded.net/empire/bootstrap/default/sis-leave.html]
[html.phoenixcoded.net/empire/bootstrap/default/sis-evaluation.html]
[html.phoenixcoded.net/empire/bootstrap/default/assets/libs/moment/moment.js]
[html.phoenixcoded.net/empire/bootstrap/default/assets/img/pages/interview.svg]
[html.phoenixcoded.net/empire/bootstrap/default/assets/img/pages/festival.svg]
[html.phoenixcoded.net/empire/bootstrap/default/sis-event.html]
[html.phoenixcoded.net/empire/bootstrap/default/sis-circular.html]
[html.phoenixcoded.net/empire/bootstrap/default/sis-course.html]
[html.phoenixcoded.net/empire/bootstrap/default/crypto-dashboard.html]
[html.phoenixcoded.net/empire/bootstrap/default/crypto-exchange.html]
[html.phoenixcoded.net/empire/bootstrap/default/crypto-wallet.html]
[html.phoenixcoded.net/empire/bootstrap/default/crypto-transactions.html]
[html.phoenixcoded.net/empire/bootstrap/default/crypto-history.html]
[html.phoenixcoded.net/empire/bootstrap/default/crypto-trading.html]
[html.phoenixcoded.net/empire/bootstrap/default/assets/img/pages/baseball.svg]
[html.phoenixcoded.net/empire/bootstrap/default/assets/libs/flipclock/flipclock.css]
[html.phoenixcoded.net/empire/bootstrap/default/crypto-initial-coin.html]
[html.phoenixcoded.net/empire/bootstrap/default/assets/libs/flipclock/flipclock.min.js]
[html.phoenixcoded.net/empire/bootstrap/default/assets/libs/isotope/isotope.pkgd.min.js]
[html.phoenixcoded.net/empire/bootstrap/default/crypto-ico-listing.html]
[html.phoenixcoded.net/empire/bootstrap/default/assets/fonts/cryptofont.css]
[html.phoenixcoded.net/empire/bootstrap/default/assets/img/product/prod-1.jpg]
[html.phoenixcoded.net/empire/bootstrap/default/assets/img/product/prod-2.jpg]
[html.phoenixcoded.net/empire/bootstrap/default/assets/img/product/prod-3.jpg]
[html.phoenixcoded.net/empire/bootstrap/default/assets/img/product/prod-4.jpg]
[html.phoenixcoded.net/empire/bootstrap/default/assets/img/product/prod-5.jpg]
[html.phoenixcoded.net/empire/bootstrap/default/assets/img/product/prod-6.jpg]
[html.phoenixcoded.net/empire/bootstrap/default/assets/img/product/prod-7.jpg]
[html.phoenixcoded.net/empire/bootstrap/default/assets/img/product/prod-8.jpg]
[html.phoenixcoded.net/empire/bootstrap/default/assets/img/product/prod-9.jpg]
[html.phoenixcoded.net/empire/bootstrap/default/assets/img/product/prod-10.jpg]
[html.phoenixcoded.net/empire/bootstrap/default/assets/img/product/prod-11.jpg]
[html.phoenixcoded.net/empire/bootstrap/default/assets/img/product/prod-12.jpg]
[html.phoenixcoded.net/empire/bootstrap/default/ecom-product.html]
[html.phoenixcoded.net/empire/bootstrap/default/assets/img/product/prod-big-1.jpg]
[html.phoenixcoded.net/empire/bootstrap/default/assets/img/product/prod-big-2.jpg]
[html.phoenixcoded.net/empire/bootstrap/default/assets/img/product/prod-big-3.jpg]
[html.phoenixcoded.net/empire/bootstrap/default/assets/img/product/prod-big-4.jpg]
[html.phoenixcoded.net/empire/bootstrap/default/assets/img/product/prod-big-5.jpg]
[html.phoenixcoded.net/empire/bootstrap/default/ecom-product-details.html]
[html.phoenixcoded.net/empire/bootstrap/default/ecom-order.html]
[html.phoenixcoded.net/empire/bootstrap/default/assets/img/product/paypal.png]
[html.phoenixcoded.net/empire/bootstrap/default/assets/img/product/card.png]
[html.phoenixcoded.net/empire/bootstrap/default/assets/img/product/cc.png]
[html.phoenixcoded.net/empire/bootstrap/default/assets/img/product/cash.png]
[html.phoenixcoded.net/empire/bootstrap/default/ecom-checkout.html]
[html.phoenixcoded.net/empire/bootstrap/default/ecom-cart.html]
[html.phoenixcoded.net/empire/bootstrap/default/ecom-customers.html]
[html.phoenixcoded.net/empire/bootstrap/default/ecom-sellers.html]
[html.phoenixcoded.net/empire/bootstrap/default/typography.html]
[html.phoenixcoded.net/empire/bootstrap/default/bui_alert.html]
[html.phoenixcoded.net/empire/bootstrap/default/bui_accordion.html]
[html.phoenixcoded.net/empire/bootstrap/default/bui_badges.html]
[html.phoenixcoded.net/empire/bootstrap/default/bui_button.html]
[html.phoenixcoded.net/empire/bootstrap/default/bui_button-groups.html]
[html.phoenixcoded.net/empire/bootstrap/default/bui_cards.html]
[html.phoenixcoded.net/empire/bootstrap/default/assets/js/pages/ui_button-groups.js]
[html.phoenixcoded.net/empire/bootstrap/default/assets/libs/toastr/toastr.css]
[html.phoenixcoded.net/empire/bootstrap/default/assets/js/dropdown-hover.js]
[html.phoenixcoded.net/empire/bootstrap/default/assets/libs/bootstrap-menu/bootstrap-menu.js]
[html.phoenixcoded.net/empire/bootstrap/default/assets/libs/toastr/toastr.js]
[html.phoenixcoded.net/empire/bootstrap/default/bui_dropdowns.html]
[html.phoenixcoded.net/empire/bootstrap/default/assets/js/pages/ui_dropdowns.js]
[html.phoenixcoded.net/empire/bootstrap/default/assets/libs/bootstrap-sweetalert/bootstrap-sweetalert.css]
[html.phoenixcoded.net/empire/bootstrap/default/assets/libs/bootbox/bootbox.js]
[html.phoenixcoded.net/empire/bootstrap/default/assets/libs/bootstrap-sweetalert/bootstrap-sweetalert.js]
[html.phoenixcoded.net/empire/bootstrap/default/bui_modals.html]
[html.phoenixcoded.net/empire/bootstrap/default/assets/js/pages/ui_modals.js]
[html.phoenixcoded.net/empire/bootstrap/default/bui_navs.html]
[html.phoenixcoded.net/empire/bootstrap/default/bui_pagination.html]
[html.phoenixcoded.net/empire/bootstrap/default/bui_progress.html]
[html.phoenixcoded.net/empire/bootstrap/default/assets/js/pages/ui_navs.js]
[html.phoenixcoded.net/empire/bootstrap/default/bui_tooltips.html]
[html.phoenixcoded.net/empire/bootstrap/default/bui_thumbnails.html]
[html.phoenixcoded.net/empire/bootstrap/default/assets/js/pages/ui_tooltips.js]
[html.phoenixcoded.net/empire/bootstrap/default/assets/libs/swiper/swiper.css]
[html.phoenixcoded.net/empire/bootstrap/default/aui_carousel.html]
[html.phoenixcoded.net/empire/bootstrap/default/assets/js/pages/ui_carousel.js]
[html.phoenixcoded.net/empire/bootstrap/default/assets/libs/cropper/cropper.css]
[html.phoenixcoded.net/empire/bootstrap/default/assets/img/bg/22.jpg]
[html.phoenixcoded.net/empire/bootstrap/default/cropped.jpg]
[html.phoenixcoded.net/empire/bootstrap/default/assets/libs/swiper/swiper.js]
[html.phoenixcoded.net/empire/bootstrap/default/aui_cropper.html]
[html.phoenixcoded.net/empire/bootstrap/default/assets/js/pages/ui_cropper.js]
[html.phoenixcoded.net/empire/bootstrap/default/assets/libs/cropper/cropper.js]
[html.phoenixcoded.net/empire/bootstrap/default/assets/libs/dragula/dragula.css]
[html.phoenixcoded.net/empire/bootstrap/default/assets/img/avatars/2.png]
[html.phoenixcoded.net/empire/bootstrap/default/assets/libs/dragula/dragula.js]
[html.phoenixcoded.net/empire/bootstrap/default/assets/libs/sortablejs/sortable.js]
[html.phoenixcoded.net/empire/bootstrap/default/assets/js/pages/ui_drag-and-drop.js]
[html.phoenixcoded.net/empire/bootstrap/default/aui_drag-and-drop.html]
[html.phoenixcoded.net/empire/bootstrap/default/assets/js/pages/ui_fullcalendar.js]
[html.phoenixcoded.net/empire/bootstrap/default/aui_fullcalendar.html]
[html.phoenixcoded.net/empire/bootstrap/default/assets/js/pages/pages_kanban-board.js]
[html.phoenixcoded.net/empire/bootstrap/default/aui_kanban-board.html]
[html.phoenixcoded.net/empire/bootstrap/default/assets/libs/ladda/ladda.css]
[html.phoenixcoded.net/empire/bootstrap/default/assets/libs/spin/spin.js]
[html.phoenixcoded.net/empire/bootstrap/default/assets/libs/ladda/ladda.js]
[html.phoenixcoded.net/empire/bootstrap/default/aui_ladda.html]
[html.phoenixcoded.net/empire/bootstrap/default/assets/js/pages/misc_ladda.js]
[html.phoenixcoded.net/empire/bootstrap/default/assets/libs/blueimp-gallery/gallery.css]
[html.phoenixcoded.net/empire/bootstrap/default/assets/libs/blueimp-gallery/gallery-indicator.css]
[html.phoenixcoded.net/empire/bootstrap/default/assets/libs/blueimp-gallery/gallery-video.css]
[html.phoenixcoded.net/empire/bootstrap/default/assets/libs/blueimp-gallery/gallery-fullscreen.js]
[html.phoenixcoded.net/empire/bootstrap/default/assets/libs/blueimp-gallery/gallery.js]
[html.phoenixcoded.net/empire/bootstrap/default/assets/libs/blueimp-gallery/gallery-indicator.js]
[html.phoenixcoded.net/empire/bootstrap/default/assets/libs/blueimp-gallery/gallery-video.js]
[html.phoenixcoded.net/empire/bootstrap/default/assets/libs/blueimp-gallery/gallery-vimeo.js]
[html.phoenixcoded.net/empire/bootstrap/default/assets/libs/blueimp-gallery/gallery-youtube.js]
[html.phoenixcoded.net/empire/bootstrap/default/aui_lightbox.html]
[html.phoenixcoded.net/empire/bootstrap/default/assets/js/pages/ui_lightbox.js]
[html.phoenixcoded.net/empire/bootstrap/default/aui_media-player.html]
[html.phoenixcoded.net/empire/bootstrap/default/assets/js/pages/ui_media-player.js]
[html.phoenixcoded.net/empire/bootstrap/default/assets/libs/growl/growl.css]
[html.phoenixcoded.net/empire/bootstrap/default/assets/libs/growl/growl.js]
[html.phoenixcoded.net/empire/bootstrap/default/assets/js/pages/ui_notifications.js]
[html.phoenixcoded.net/empire/bootstrap/default/aui_notifications.html]
[html.phoenixcoded.net/empire/bootstrap/default/assets/css/pages/tasks.css]
[html.phoenixcoded.net/empire/bootstrap/default/assets/js/jquery-3.2.1.min.js]
[html.phoenixcoded.net/empire/bootstrap/default/aui_todo-list.html]
[html.phoenixcoded.net/empire/bootstrap/default/forms_layouts.html]
[html.phoenixcoded.net/empire/bootstrap/default/forms_controls.html]
[html.phoenixcoded.net/empire/bootstrap/default/assets/js/pages/pages_task-list.js]
[html.phoenixcoded.net/empire/bootstrap/default/forms_custom-controls.html]
[html.phoenixcoded.net/empire/bootstrap/default/forms_input-groups.html]
[html.phoenixcoded.net/empire/bootstrap/default/forms_switchers.html]
[html.phoenixcoded.net/empire/bootstrap/default/assets/js/pages/forms_input-groups.js]
[html.phoenixcoded.net/empire/bootstrap/default/assets/libs/bootstrap-slider/bootstrap-slider.css]
[html.phoenixcoded.net/empire/bootstrap/default/assets/libs/nouislider/nouislider.css]
[html.phoenixcoded.net/empire/bootstrap/default/assets/libs/bootstrap-slider/bootstrap-slider.js]
[html.phoenixcoded.net/empire/bootstrap/default/assets/libs/nouislider/nouislider.js]
[html.phoenixcoded.net/empire/bootstrap/default/forms_sliders.html]
[html.phoenixcoded.net/empire/bootstrap/default/assets/js/pages/forms_sliders.js]
[html.phoenixcoded.net/empire/bootstrap/default/assets/libs/bootstrap-select/bootstrap-select.css]
[html.phoenixcoded.net/empire/bootstrap/default/assets/libs/bootstrap-multiselect/bootstrap-multiselect.css]
[html.phoenixcoded.net/empire/bootstrap/default/assets/libs/bootstrap-tagsinput/bootstrap-tagsinput.css]
[html.phoenixcoded.net/empire/bootstrap/default/assets/libs/bootstrap-multiselect/bootstrap-multiselect.js]
[html.phoenixcoded.net/empire/bootstrap/default/assets/libs/bootstrap-select/bootstrap-select.js]
[html.phoenixcoded.net/empire/bootstrap/default/assets/libs/bootstrap-tagsinput/bootstrap-tagsinput.js]
[html.phoenixcoded.net/empire/bootstrap/default/forms_selects.html]
[html.phoenixcoded.net/empire/bootstrap/default/assets/js/pages/forms_selects.js]
[html.phoenixcoded.net/empire/bootstrap/default/assets/libs/bootstrap-datepicker/bootstrap-datepicker.css]
[html.phoenixcoded.net/empire/bootstrap/default/assets/libs/bootstrap-daterangepicker/bootstrap-daterangepicker.css]
[html.phoenixcoded.net/empire/bootstrap/default/assets/libs/bootstrap-material-datetimepicker/bootstrap-material-datetimepicker.css]
[html.phoenixcoded.net/empire/bootstrap/default/assets/libs/timepicker/timepicker.css]
[html.phoenixcoded.net/empire/bootstrap/default/assets/libs/minicolors/minicolors.css]
[html.phoenixcoded.net/empire/bootstrap/default/assets/libs/bootstrap-datepicker/bootstrap-datepicker.js]
[html.phoenixcoded.net/empire/bootstrap/default/assets/libs/bootstrap-daterangepicker/bootstrap-daterangepicker.js]
[html.phoenixcoded.net/empire/bootstrap/default/assets/libs/bootstrap-material-datetimepicker/bootstrap-material-datetimepicker.js]
[html.phoenixcoded.net/empire/bootstrap/default/assets/libs/timepicker/timepicker.js]
[html.phoenixcoded.net/empire/bootstrap/default/assets/libs/minicolors/minicolors.js]
[html.phoenixcoded.net/empire/bootstrap/default/assets/js/pages/forms_pickers.js]
[html.phoenixcoded.net/empire/bootstrap/default/forms_pickers.html]
[html.phoenixcoded.net/empire/bootstrap/default/forms_editors.html]
[html.phoenixcoded.net/empire/bootstrap/default/assets/js/pages/forms_editors.js]
[html.phoenixcoded.net/empire/bootstrap/default/assets/libs/dropzone/dropzone.css]
[html.phoenixcoded.net/empire/bootstrap/default/assets/libs/flow-js/flow.css]
[html.phoenixcoded.net/empire/bootstrap/default/assets/libs/flow-js/flow.js]
[html.phoenixcoded.net/empire/bootstrap/default/assets/libs/dropzone/dropzone.js]
[html.phoenixcoded.net/empire/bootstrap/default/forms_file-upload.html]
[html.phoenixcoded.net/empire/bootstrap/default/assets/js/pages/forms_file-upload.js]
[html.phoenixcoded.net/empire/bootstrap/default/assets/js/pages/forms_validation.js]
[html.phoenixcoded.net/empire/bootstrap/default/forms_validation.html]
[html.phoenixcoded.net/empire/bootstrap/default/assets/libs/validate/validate.js]
[html.phoenixcoded.net/empire/bootstrap/default/assets/libs/smartwizard/smartwizard.css]
[html.phoenixcoded.net/empire/bootstrap/default/assets/libs/smartwizard/smartwizard.js]
[html.phoenixcoded.net/empire/bootstrap/default/forms_wizard.html]
[html.phoenixcoded.net/empire/bootstrap/default/assets/js/pages/forms_wizard.js]
[html.phoenixcoded.net/empire/bootstrap/default/assets/libs/typeahead-js/typeahead.css]
[html.phoenixcoded.net/empire/bootstrap/default/forms_typeahead.html]
[html.phoenixcoded.net/empire/bootstrap/default/assets/js/pages/forms_typeahead.js]
[html.phoenixcoded.net/empire/bootstrap/default/assets/libs/typeahead-js/typeahead.js]
[html.phoenixcoded.net/empire/bootstrap/default/assets/libs/bootstrap-duallistbox/bootstrap-duallistbox.css]
[html.phoenixcoded.net/empire/bootstrap/default/assets/libs/bootstrap-duallistbox/bootstrap-duallistbox.js]
[html.phoenixcoded.net/empire/bootstrap/default/assets/js/pages/forms_dual-listbox.js]
[html.phoenixcoded.net/empire/bootstrap/default/forms_dual-listbox.html]
[html.phoenixcoded.net/empire/bootstrap/default/assets/libs/bootstrap-maxlength/bootstrap-maxlength.css]
[html.phoenixcoded.net/empire/bootstrap/default/assets/libs/autosize/autosize.js]
[html.phoenixcoded.net/empire/bootstrap/default/assets/libs/vanilla-text-mask/vanilla-text-mask.js]
[html.phoenixcoded.net/empire/bootstrap/default/assets/libs/vanilla-text-mask/text-mask-addons.js]
[html.phoenixcoded.net/empire/bootstrap/default/assets/libs/knob/knob.js]
[html.phoenixcoded.net/empire/bootstrap/default/assets/libs/bootstrap-maxlength/bootstrap-maxlength.js]
[html.phoenixcoded.net/empire/bootstrap/default/assets/js/pages/forms_extras.js]
[html.phoenixcoded.net/empire/bootstrap/default/forms_extras.html]
[html.phoenixcoded.net/empire/bootstrap/default/tables_bootstrap.html]
[html.phoenixcoded.net/empire/bootstrap/default/assets/libs/pwstrength-bootstrap/pwstrength-bootstrap.js]
[html.phoenixcoded.net/empire/bootstrap/default/tables_datatables.html]
[html.phoenixcoded.net/empire/bootstrap/default/assets/js/pages/tables_datatables.js]
[html.phoenixcoded.net/empire/bootstrap/default/assets/libs/footable-bootstrap/footable.bootstrap.min.css]
[html.phoenixcoded.net/empire/bootstrap/default/assets/libs/footable-bootstrap/footable.min.js]
[html.phoenixcoded.net/empire/bootstrap/default/tables_footables.html]
[html.phoenixcoded.net/empire/bootstrap/default/assets/js/pages/tables_footables.js]
[html.phoenixcoded.net/empire/bootstrap/default/assets/libs/bootstrap-table/bootstrap-table.css]
[html.phoenixcoded.net/empire/bootstrap/default/assets/libs/tableexport/tableexport.js]
[html.phoenixcoded.net/empire/bootstrap/default/assets/libs/bootstrap-table/bootstrap-table.js]
[html.phoenixcoded.net/empire/bootstrap/default/assets/libs/bootstrap-table/extensions/export/export.js]
[html.phoenixcoded.net/empire/bootstrap/default/tables_bootstrap-table.html]
[html.phoenixcoded.net/empire/bootstrap/default/assets/js/pages/tables_bootstrap-table.js]
[html.phoenixcoded.net/empire/bootstrap/default/assets/libs/bootstrap-sortable/bootstrap-sortable.css]
[html.phoenixcoded.net/empire/bootstrap/default/tables_bootstrap-sortable.html]
[html.phoenixcoded.net/empire/bootstrap/default/assets/libs/bootstrap-sortable/bootstrap-sortable.js]
[html.phoenixcoded.net/empire/bootstrap/default/assets/js/pages/charts_gmaps.js]
[html.phoenixcoded.net/empire/bootstrap/default/charts_gmaps.html]
[html.phoenixcoded.net/empire/bootstrap/default/assets/libs/gmaps/gmaps.js]
[html.phoenixcoded.net/empire/bootstrap/default/charts_am.html]
[html.phoenixcoded.net/empire/bootstrap/default/assets/js/pages/charts_am.js]
[html.phoenixcoded.net/empire/bootstrap/default/charts_flot.html]
[html.phoenixcoded.net/empire/bootstrap/default/assets/js/pages/charts_flot.js]
[html.phoenixcoded.net/empire/bootstrap/default/assets/libs/chartist/chartist.css]
[html.phoenixcoded.net/empire/bootstrap/default/charts_chartist.html]
[html.phoenixcoded.net/empire/bootstrap/default/assets/js/pages/charts_chartist.js]
[html.phoenixcoded.net/empire/bootstrap/default/assets/libs/chartist/chartist.js]
[html.phoenixcoded.net/empire/bootstrap/default/assets/js/pages/charts_chartjs.js]
[html.phoenixcoded.net/empire/bootstrap/default/charts_chartjs.html]
[html.phoenixcoded.net/empire/bootstrap/default/charts_morrisjs.html]
[html.phoenixcoded.net/empire/bootstrap/default/assets/js/pages/charts_morrisjs.js]
[html.phoenixcoded.net/empire/bootstrap/default/icons_feather.html]
[html.phoenixcoded.net/empire/bootstrap/default/icons_font-awesome.html]
[html.phoenixcoded.net/empire/bootstrap/default/icons_ionicons.html]
[html.phoenixcoded.net/empire/bootstrap/default/icons_linearicons.html]
[html.phoenixcoded.net/empire/bootstrap/default/icons_openiconic.html]
[html.phoenixcoded.net/empire/bootstrap/default/icons_stroke7.html]
[html.phoenixcoded.net/empire/bootstrap/default/assets/libs/clipboard/clipboard.js]
[html.phoenixcoded.net/empire/bootstrap/default/pages_authentication_login-v1.html]
[html.phoenixcoded.net/empire/bootstrap/default/pages_authentication_login-v2.html]
[html.phoenixcoded.net/empire/bootstrap/default/pages_authentication_login-v3.html]
[html.phoenixcoded.net/empire/bootstrap/default/pages_authentication_register-v1.html]
[html.phoenixcoded.net/empire/bootstrap/default/pages_authentication_register-v2.html]
[html.phoenixcoded.net/empire/bootstrap/default/pages_authentication_register-v3.html]
[html.phoenixcoded.net/empire/bootstrap/default/pages_authentication_login-and-register.html]
[html.phoenixcoded.net/empire/bootstrap/default/pages_authentication_lock-screen-v1.html]
[html.phoenixcoded.net/empire/bootstrap/default/pages_authentication_lock-screen-v2.html]
[html.phoenixcoded.net/empire/bootstrap/default/pages_authentication_password-reset.html]
[html.phoenixcoded.net/empire/bootstrap/default/pages_authentication_email-confirm.html]
[html.phoenixcoded.net/empire/bootstrap/default/pages_education_courses-v1.html]
[html.phoenixcoded.net/empire/bootstrap/default/pages_education_courses-v2.html]
[html.phoenixcoded.net/empire/bootstrap/default/assets/css/pages/authentication.css]
[html.phoenixcoded.net/empire/bootstrap/default/assets/css/pages/products.css]
[html.phoenixcoded.net/empire/bootstrap/default/pages_e-commerce_product-list.html]
[html.phoenixcoded.net/empire/bootstrap/default/assets/libs/numeral/numeral.js]
[html.phoenixcoded.net/empire/bootstrap/default/assets/js/pages/pages_e-commerce_product-list.js]
[html.phoenixcoded.net/empire/bootstrap/default/assets/img/uikit/s7edge-1.jpg]
[html.phoenixcoded.net/empire/bootstrap/default/assets/img/uikit/s7edge-2.jpg]
[html.phoenixcoded.net/empire/bootstrap/default/assets/img/uikit/s7edge-3.jpg]
[html.phoenixcoded.net/empire/bootstrap/default/assets/img/uikit/s7edge-4.jpg]
[html.phoenixcoded.net/empire/bootstrap/default/assets/js/pages/pages_e-commerce_product-item.js]
[html.phoenixcoded.net/empire/bootstrap/default/pages_e-commerce_product-item.html]
[html.phoenixcoded.net/empire/bootstrap/default/pages_e-commerce_product-edit.html]
[html.phoenixcoded.net/empire/bootstrap/default/assets/js/pages/pages_e-commerce_product-edit.js]
[html.phoenixcoded.net/empire/bootstrap/default/pages_e-commerce_order-list.html]
[html.phoenixcoded.net/empire/bootstrap/default/assets/js/pages/pages_e-commerce_order-list.js]
[html.phoenixcoded.net/empire/bootstrap/default/assets/img/uikit/nike-1.jpg]
[html.phoenixcoded.net/empire/bootstrap/default/pages_e-commerce_order-detail.html]
[html.phoenixcoded.net/empire/bootstrap/default/assets/css/pages/messages.css]
[html.phoenixcoded.net/empire/bootstrap/default/pages_messages_v3_list.html]
[html.phoenixcoded.net/empire/bootstrap/default/pages_messages_v3_item.html]
[html.phoenixcoded.net/empire/bootstrap/default/pages_messages_v3_compose.html]
[html.phoenixcoded.net/empire/bootstrap/default/assets/js/pages/pages_messages.js]
[html.phoenixcoded.net/empire/bootstrap/default/pages_projects_list.html]
[html.phoenixcoded.net/empire/bootstrap/default/assets/js/pages/pages_projects_list.js]
[html.phoenixcoded.net/empire/bootstrap/default/assets/css/pages/projects.css]
[html.phoenixcoded.net/empire/bootstrap/default/pages_projects_item.html]
[html.phoenixcoded.net/empire/bootstrap/default/assets/js/pages/pages_projects_item.js]
[html.phoenixcoded.net/empire/bootstrap/default/pages_teams.html]
[html.phoenixcoded.net/empire/bootstrap/default/assets/js/pages/pages_teams.js]
[html.phoenixcoded.net/empire/bootstrap/default/pages_tickets_list.html]
[html.phoenixcoded.net/empire/bootstrap/default/assets/js/pages/pages_tickets_list.js]
[html.phoenixcoded.net/empire/bootstrap/default/assets/css/pages/tickets.css]
[html.phoenixcoded.net/empire/bootstrap/default/pages_tickets_edit.html]
[html.phoenixcoded.net/empire/bootstrap/default/assets/js/pages/pages_tickets_edit.js]
[html.phoenixcoded.net/empire/bootstrap/default/pages_users_list.html]
[html.phoenixcoded.net/empire/bootstrap/default/assets/js/pages/pages_users_list.js]
[html.phoenixcoded.net/empire/bootstrap/default/pages_users_view.html]
[html.phoenixcoded.net/empire/bootstrap/default/pages_profile-v1.html]
[html.phoenixcoded.net/empire/bootstrap/default/pages_profile-v2.html]
[html.phoenixcoded.net/empire/bootstrap/default/assets/css/pages/users.css]
[html.phoenixcoded.net/empire/bootstrap/default/pages_users_edit.html]
[html.phoenixcoded.net/empire/bootstrap/default/assets/js/pages/pages_users_edit.js]
[html.phoenixcoded.net/empire/bootstrap/default/assets/css/pages/account.css]
[html.phoenixcoded.net/empire/bootstrap/default/pages_account-settings.html]
[html.phoenixcoded.net/empire/bootstrap/default/assets/js/pages/pages_account-settings.js]
[html.phoenixcoded.net/empire/bootstrap/default/assets/css/pages/chat.css]
[html.phoenixcoded.net/empire/bootstrap/default/pages_chat.html]
[html.phoenixcoded.net/empire/bootstrap/default/pages_faq.html]
[html.phoenixcoded.net/empire/bootstrap/default/assets/js/pages/pages_chat.js]
[html.phoenixcoded.net/empire/bootstrap/default/pages_gallery.html]
[html.phoenixcoded.net/empire/bootstrap/default/pages_help-center.html]
[html.phoenixcoded.net/empire/bootstrap/default/assets/js/pages/pages_gallery.js]
[html.phoenixcoded.net/empire/bootstrap/default/assets/libs/masonry/masonry.js]
[html.phoenixcoded.net/empire/bootstrap/default/pages_invoice.html]
[html.phoenixcoded.net/empire/bootstrap/default/pages_invoice-print.html]
[html.phoenixcoded.net/empire/bootstrap/default/pages_search-results.html]
[html.phoenixcoded.net/empire/bootstrap/default/pages_voting.html]
[html.phoenixcoded.net/empire/bootstrap/default/pages_pricing.html]
[html.phoenixcoded.net/empire/bootstrap/default/assets/css/pages/search.css]
[html.phoenixcoded.net/empire/bootstrap/default/pages_file-manger.html]
[html.phoenixcoded.net/empire/bootstrap/default/assets/css/pages/file-manager.css]
[html.phoenixcoded.net/empire/bootstrap/default/pages_clients.html]
[html.phoenixcoded.net/empire/bootstrap/default/assets/js/analytics.js]
[html.phoenixcoded.net/empire/bootstrap/default/assets/fonts/fontawesome/fa-brands-400.html]
[html.phoenixcoded.net/empire/bootstrap/default/assets/css/pages/clients.css]
[html.phoenixcoded.net/empire/bootstrap/default/assets/fonts/fontawesome/fa-brands-400.svg]
[html.phoenixcoded.net/empire/bootstrap/default/assets/fonts/fontawesome/fa-regular-400.html]
[html.phoenixcoded.net/empire/bootstrap/default/assets/fonts/fontawesome/fa-regular-400.svg]
[html.phoenixcoded.net/empire/bootstrap/default/assets/fonts/fontawesome/fa-solid-900.html]
[html.phoenixcoded.net/empire/bootstrap/default/assets/fonts/fontawesome/fa-solid-900.svg]
[html.phoenixcoded.net/empire/bootstrap/default/assets/fonts/ionicons/ionicons188f.svg]
[html.phoenixcoded.net/empire/bootstrap/default/assets/fonts/linearicons/Linearicons-Free54e9.html]
[html.phoenixcoded.net/empire/bootstrap/default/assets/fonts/linearicons/Linearicons-Free54e9.svg]
[html.phoenixcoded.net/empire/bootstrap/default/assets/fonts/open-iconic/open-iconic.svg]
[html.phoenixcoded.net/empire/bootstrap/default/assets/fonts/pe-icon-7-stroke/Pe-icon-7-strokebb1d.svg]
[html.phoenixcoded.net/empire/bootstrap/default/assets/fonts/feather/feather6cfa.svg]
[html.phoenixcoded.net/empire/bootstrap/default/project-dashboard.html]
[html.phoenixcoded.net/empire/bootstrap/default/project-customers.html]
[html.phoenixcoded.net/empire/bootstrap/default/project-projects.html]
[html.phoenixcoded.net/empire/bootstrap/default/project-task.html]
[html.phoenixcoded.net/empire/bootstrap/default/pages_vacancies.html]
[html.phoenixcoded.net/icon.html]
[html.phoenixcoded.net/empire/bootstrap/default/assets/js/pages/dashboards_crypto.js]
[html.phoenixcoded.net/empire/bootstrap/default/assets/libs/morris/morris.css]
[html.phoenixcoded.net/empire/bootstrap/default/assets/libs/plyr/plyr.css]
[html.phoenixcoded.net/empire/bootstrap/default/assets/js/pages/pages_vacancies.js]
[html.phoenixcoded.net/empire/bootstrap/default/assets/fonts/fontawesome/fa-brands-400.ttf]
[html.phoenixcoded.net/empire/bootstrap/default/assets/libs/plyr/plyr.js]
[html.phoenixcoded.net/empire/bootstrap/default/assets/libs/datatables/datatables.css]
[html.phoenixcoded.net/empire/bootstrap/default/assets/libs/quill/typography.css]
[html.phoenixcoded.net/empire/bootstrap/default/assets/libs/quill/editor.css]
[html.phoenixcoded.net/empire/bootstrap/default/[LINK].html]
[html.phoenixcoded.net/empire/bootstrap/default/assets/img/pages/gift-card.svg]
[html.phoenixcoded.net/empire/bootstrap/default/assets/img/pages/coupon.svg]
[html.phoenixcoded.net/empire/bootstrap/default/assets/img/pages/coupon1.svg]
[html.phoenixcoded.net/empire/bootstrap/default/assets/img/pages/voucher.svg]
[html.phoenixcoded.net/empire/bootstrap/default/assets/img/pages/discount.svg]
[html.phoenixcoded.net/empire/bootstrap/default/assets/img/pages/medal-trial.svg]
[html.phoenixcoded.net/empire/bootstrap/default/assets/img/pages/medal-bronze.svg]
[html.phoenixcoded.net/empire/bootstrap/default/assets/img/pages/medal-gold.svg]
[html.phoenixcoded.net/empire/bootstrap/default/assets/img/pages/medal-platinum.svg]
[html.phoenixcoded.net/empire/bootstrap/default/assets/img/pages/medal-silver.svg]
[html.phoenixcoded.net/empire/bootstrap/default/assets/libs/bootstrap-markdown/bootstrap-markdown.css]
[html.phoenixcoded.net/empire/bootstrap/default/assets/libs/photoswipe/default-skin.png]
[html.phoenixcoded.net/empire/bootstrap/default/assets/libs/photoswipe/default-skin.svg]
[html.phoenixcoded.net/empire/bootstrap/default/assets/libs/photoswipe/preloader.gif]
[html.phoenixcoded.net/empire/bootstrap/default/assets/libs/photoswipe/photoswipe.css]
[html.phoenixcoded.net/empire/bootstrap/default/assets/libs/select2/select2.css]
[html.phoenixcoded.net/empire/bootstrap/default/assets/img/light-box/l1.html]
[html.phoenixcoded.net/empire/bootstrap/default/assets/img/light-box/sl1.html]
[html.phoenixcoded.net/empire/bootstrap/default/assets/img/light-box/l5.html]
[html.phoenixcoded.net/empire/bootstrap/default/assets/img/light-box/l6.html]
[html.phoenixcoded.net/empire/bootstrap/default/assets/img/light-box/l4.html]
[html.phoenixcoded.net/empire/bootstrap/default/assets/img/light-box/l3.html]
[html.phoenixcoded.net/empire/bootstrap/default/assets/img/light-box/sl3.html]
[html.phoenixcoded.net/empire/bootstrap/default/assets/img/product/index.html]
[html.phoenixcoded.net/empire/bootstrap/default/assets/img/user/index.html]
[html.phoenixcoded.net/empire/bootstrap/default/assets/libs/fullcalendar/fullcalendar.css]
[html.phoenixcoded.net/empire/bootstrap/default/assets/img/pages/interview.svg]
[html.phoenixcoded.net/empire/bootstrap/default/assets/img/pages/festival.svg]
[html.phoenixcoded.net/empire/bootstrap/default/assets/img/pages/baseball.svg]
[html.phoenixcoded.net/empire/bootstrap/default/assets/libs/flipclock/flipclock.css]
[html.phoenixcoded.net/empire/bootstrap/default/assets/fonts/cryptofont.css]
[html.phoenixcoded.net/empire/bootstrap/default/assets/libs/isotope/isotope.pkgd.min.js]
[html.phoenixcoded.net/empire/bootstrap/default/assets/libs/toastr/toastr.css]
[html.phoenixcoded.net/empire/bootstrap/default/assets/libs/bootstrap-sweetalert/bootstrap-sweetalert.css]
[html.phoenixcoded.net/empire/bootstrap/default/assets/libs/swiper/swiper.css]
[html.phoenixcoded.net/empire/bootstrap/default/assets/libs/cropper/cropper.css]
[html.phoenixcoded.net/empire/bootstrap/default/cropped.html]
[html.phoenixcoded.net/empire/bootstrap/default/assets/libs/dragula/dragula.css]
[html.phoenixcoded.net/empire/bootstrap/default/assets/libs/ladda/ladda.css]
[html.phoenixcoded.net/empire/bootstrap/default/assets/libs/img/loading.214.delayed]
[html.phoenixcoded.net/empire/bootstrap/default/assets/libs/img/error.png]
[html.phoenixcoded.net/empire/bootstrap/default/assets/libs/img/play-pause.png]
[html.phoenixcoded.net/empire/bootstrap/default/assets/libs/img/error.svg]
[html.phoenixcoded.net/empire/bootstrap/default/assets/libs/img/play-pause.svg]
[html.phoenixcoded.net/empire/bootstrap/default/assets/libs/blueimp-gallery/img/loading.gif]
[html.phoenixcoded.net/empire/bootstrap/default/assets/libs/blueimp-gallery/img/error.png]
[html.phoenixcoded.net/empire/bootstrap/default/assets/libs/blueimp-gallery/img/play-pause.png]
[html.phoenixcoded.net/empire/bootstrap/default/assets/libs/blueimp-gallery/img/error.svg]
[html.phoenixcoded.net/empire/bootstrap/default/assets/libs/blueimp-gallery/gallery.css]
[html.phoenixcoded.net/empire/bootstrap/default/assets/libs/blueimp-gallery/gallery-indicator.css]
[html.phoenixcoded.net/empire/bootstrap/default/assets/libs/blueimp-gallery/img/play-pause.svg]
[html.phoenixcoded.net/empire/bootstrap/default/assets/libs/img/video-play.png]
[html.phoenixcoded.net/empire/bootstrap/default/assets/libs/img/video-play.svg]
[html.phoenixcoded.net/empire/bootstrap/default/assets/libs/blueimp-gallery/img/video-play.png]
[html.phoenixcoded.net/empire/bootstrap/default/assets/libs/blueimp-gallery/gallery-video.css]
[html.phoenixcoded.net/empire/bootstrap/default/assets/libs/growl/growl.css]
[html.phoenixcoded.net/empire/bootstrap/default/assets/css/pages/tasks.css]
[html.phoenixcoded.net/empire/bootstrap/default/assets/libs/bootstrap-slider/bootstrap-slider.css]
[html.phoenixcoded.net/empire/bootstrap/default/assets/libs/nouislider/nouislider.css]
[html.phoenixcoded.net/empire/bootstrap/default/assets/libs/bootstrap-select/bootstrap-select.css]
[html.phoenixcoded.net/empire/bootstrap/default/assets/libs/bootstrap-multiselect/bootstrap-multiselect.css]
[html.phoenixcoded.net/empire/bootstrap/default/assets/libs/bootstrap-tagsinput/bootstrap-tagsinput.css]
[html.phoenixcoded.net/empire/bootstrap/default/assets/libs/bootstrap-datepicker/bootstrap-datepicker.css]
[html.phoenixcoded.net/empire/bootstrap/default/assets/libs/bootstrap-daterangepicker/bootstrap-daterangepicker.css]
[html.phoenixcoded.net/empire/bootstrap/default/assets/libs/bootstrap-material-datetimepicker/bootstrap-material-datetimepicker.css]
[html.phoenixcoded.net/empire/bootstrap/default/assets/libs/timepicker/timepicker.css]
[html.phoenixcoded.net/empire/bootstrap/default/assets/libs/blueimp-gallery/img/video-play.svg]
[html.phoenixcoded.net/empire/bootstrap/default/assets/libs/minicolors/jquery.minicolors.png]
[html.phoenixcoded.net/empire/bootstrap/default/assets/libs/minicolors/minicolors.css]
[html.phoenixcoded.net/empire/bootstrap/default/assets/libs/dropzone/dropzone.css]
[html.phoenixcoded.net/empire/bootstrap/default/assets/libs/flow-js/flow.css]
[html.phoenixcoded.net/empire/bootstrap/default/assets/libs/smartwizard/smartwizard.css]
[html.phoenixcoded.net/empire/bootstrap/default/assets/libs/typeahead-js/typeahead.css]
[html.phoenixcoded.net/empire/bootstrap/default/assets/libs/bootstrap-duallistbox/bootstrap-duallistbox.css]
[html.phoenixcoded.net/empire/bootstrap/default/assets/libs/bootstrap-maxlength/bootstrap-maxlength.css]
[html.phoenixcoded.net/empire/bootstrap/default/assets/libs/footable-bootstrap/footable.bootstrap.min.css]
[html.phoenixcoded.net/empire/bootstrap/default/assets/libs/bootstrap-table/bootstrap-table.css]
[html.phoenixcoded.net/empire/bootstrap/default/assets/libs/bootstrap-sortable/bootstrap-sortable.css]
[developers.google.com/maps/documentation/javascript/examples/markerclusterer/markerclusterer.js]
[html.phoenixcoded.net/empire/bootstrap/default/assets/libs/chartist/chartist.css]
[html.phoenixcoded.net/empire/bootstrap/default/assets/css/pages/authentication.css]
[html.phoenixcoded.net/empire/bootstrap/default/assets/css/pages/products.css]
[html.phoenixcoded.net/empire/bootstrap/default/assets/css/pages/messages.css]
[html.phoenixcoded.net/empire/bootstrap/default/assets/css/pages/projects.css]
[html.phoenixcoded.net/empire/bootstrap/default/assets/css/pages/tickets.css]
[html.phoenixcoded.net/empire/bootstrap/default/assets/css/pages/users.css]
[html.phoenixcoded.net/empire/bootstrap/default/assets/css/pages/account.css]
[html.phoenixcoded.net/empire/bootstrap/default/assets/css/pages/chat.css]
[html.phoenixcoded.net/empire/bootstrap/default/pages_invoice-print.html]
[html.phoenixcoded.net/empire/bootstrap/default/assets/css/pages/search.css]
[html.phoenixcoded.net/empire/bootstrap/default/assets/css/pages/file-manager.css]
[html.phoenixcoded.net/empire/bootstrap/default/assets/css/pages/clients.css]
[html.phoenixcoded.net/empire/bootstrap/default/assets/libs/photoswipe/default-skin.svg]
[html.phoenixcoded.net/empire/bootstrap/default/assets/fonts/cryptocoins/cryptocoins.html]
[html.phoenixcoded.net/empire/bootstrap/default/assets/fonts/cryptocoins/cryptocoins.woff]
[html.phoenixcoded.net/empire/bootstrap/default/assets/fonts/cryptocoins/cryptocoins.ttf]
[html.phoenixcoded.net/empire/bootstrap/default/assets/libs/img/loading.html]
[html.phoenixcoded.net/empire/bootstrap/default/assets/libs/img/error.html]
[html.phoenixcoded.net/empire/bootstrap/default/assets/libs/img/play-pause.html]
[html.phoenixcoded.net/empire/bootstrap/default/assets/libs/img/error-2.html]
[html.phoenixcoded.net/empire/bootstrap/default/assets/libs/img/play-pause-2.html]
[html.phoenixcoded.net/empire/bootstrap/default/assets/libs/blueimp-gallery/img/error.svg]
[html.phoenixcoded.net/empire/bootstrap/default/assets/libs/blueimp-gallery/img/play-pause.svg]
[html.phoenixcoded.net/empire/bootstrap/default/assets/libs/img/video-play.html]
[html.phoenixcoded.net/empire/bootstrap/default/assets/libs/img/video-play-2.html]
[html.phoenixcoded.net/empire/bootstrap/default/assets/libs/blueimp-gallery/img/video-play.svg]
